// Jest Snapshot v1, https://goo.gl/fbAQLP

exports[`<SplashScreen /> should match snapshot 1`] = `
<RNCSafeAreaView
  style={
    Object {
      "alignItems": "center",
      "flex": 1,
      "justifyContent": "space-around",
      "marginTop": 39.23529411764706,
    }
  }
>
  <SvgMock
    accessibilityLabel="App logo"
    accessible={true}
    height={213.83235294117645}
    width={252.85714285714286}
  />
</RNCSafeAreaView>
`;
