// Jest Snapshot v1, https://goo.gl/fbAQLP

exports[`<SplashScreen /> should match snapshot 1`] = `
<RNCSafeAreaView
  style={
    Object {
      "alignItems": "center",
      "flex": 1,
      "justifyContent": "space-around",
      "marginTop": 39.23529411764706,
    }
  }
>
  <Image
    accessibilityLabel="App logo"
    accessible={true}
    resizeMode="contain"
    source={
      Object {
        "testUri": "../../../src/assets/images/logo.png",
      }
    }
    style={
      Array [
        Object {
          "height": 270.7235294117647,
          "width": 323.57142857142856,
        },
        undefined,
      ]
    }
  />
</RNCSafeAreaView>
`;
