// Jest Snapshot v1, https://goo.gl/fbAQLP

exports[`<LandingScreen /> should match snapshot 1`] = `
<RNCSafeAreaProvider
  onInsetsChange={[Function]}
  style={
    Array [
      Object {
        "flex": 1,
      },
      undefined,
    ]
  }
>
  <RNCSafeAreaView
    style={
      Object {
        "flex": 1,
      }
    }
  >
    <SvgMock />
    <Text
      style={
        Object {
          "bottom": 0,
          "color": "white",
          "fontSize": 98.57142857142857,
          "fontWeight": "700",
          "left": 0,
          "marginTop": 196.17647058823528,
          "position": "absolute",
          "right": 0,
          "textAlign": "center",
          "top": 0,
        }
      }
      theme={
        Object {
          "Button": Object {
            "buttonStyle": Array [
              Object {
                "backgroundColor": "#4CA1D6",
              },
            ],
            "titleStyle": Array [
              Object {
                "color": "white",
                "fontSize": 34.285714285714285,
              },
            ],
          },
          "Icon": Object {
            "color": "#2089dc",
          },
          "Input": Object {
            "inputContainerStyle": Object {
              "alignItems": "center",
              "borderBottomWidth": 1.4999999999999998,
              "borderColor": "#fff",
              "borderRadius": 64.28571428571428,
              "borderWidth": 1.4999999999999998,
              "overflow": "hidden",
              "padding": 9.428571428571429,
            },
            "inputStyle": Object {
              "alignItems": "center",
              "color": "#fff",
              "padding": 9.428571428571429,
            },
            "placeholderTextColor": "#7E8395",
          },
          "Text": Object {
            "style": Object {
              "color": "white",
              "fontSize": 34.285714285714285,
            },
          },
          "colors": Object {
            "disabled": "hsl(208, 8%, 90%)",
            "divider": "#bcbbc1",
            "error": "#ff190c",
            "grey0": "#393e42",
            "grey1": "#43484d",
            "grey2": "#5e6977",
            "grey3": "#86939e",
            "grey4": "#bdc6cf",
            "grey5": "#e1e8ee",
            "greyOutline": "#bbb",
            "platform": Object {
              "android": Object {
                "error": "#f44336",
                "primary": "#2196f3",
                "secondary": "#9C27B0",
                "success": "#4caf50",
                "warning": "#ffeb3b",
              },
              "ios": Object {
                "error": "#ff3b30",
                "primary": "#007aff",
                "secondary": "#5856d6",
                "success": "#4cd964",
                "warning": "#ffcc00",
              },
            },
            "primary": "#2089dc",
            "searchBg": "#303337",
            "secondary": "#8F0CE8",
            "success": "#52c41a",
            "warning": "#faad14",
          },
        }
      }
    >
      Data. Meets. People.
    </Text>
    <View
      style={
        Object {
          "alignItems": "center",
          "flex": 1,
          "justifyContent": "space-around",
          "marginTop": 9.808823529411764,
        }
      }
    >
      <SvgMock
        accessibilityLabel="App logo"
        accessible={true}
        height={270.7235294117647}
        width={280.7142857142857}
      />
    </View>
    <View
      style={
        Object {
          "alignItems": "center",
          "marginBottom": 78.47058823529412,
          "marginHorizontal": 64.28571428571428,
          "paddingHorizontal": 64.28571428571428,
        }
      }
    >
      <View
        style={
          Object {
            "borderRadius": 3,
            "overflow": "hidden",
            "width": 471.42857142857144,
          }
        }
      >
        <View
          accessibilityLabel="Create New Account"
          accessibilityRole="button"
          accessibilityState={
            Object {
              "busy": false,
              "disabled": false,
            }
          }
          accessible={true}
          focusable={true}
          onClick={[Function]}
          onResponderGrant={[Function]}
          onResponderMove={[Function]}
          onResponderRelease={[Function]}
          onResponderTerminate={[Function]}
          onResponderTerminationRequest={[Function]}
          onStartShouldSetResponder={[Function]}
          style={
            Object {
              "opacity": 1,
            }
          }
        >
          <View
            style={
              Object {
                "alignItems": "center",
                "backgroundColor": "#4CA1D6",
                "borderColor": "#2089dc",
                "borderRadius": 85.71428571428571,
                "borderWidth": 0,
                "flexDirection": "row",
                "height": 107.14285714285714,
                "justifyContent": "center",
                "padding": 8,
              }
            }
          >
            <Text
              style={
                Object {
                  "color": "white",
                  "fontSize": 34.285714285714285,
                  "fontWeight": "700",
                  "paddingBottom": 1,
                  "paddingTop": 2,
                  "textAlign": "center",
                }
              }
            >
              Create New Account
            </Text>
          </View>
        </View>
      </View>
      <View
        style={
          Object {
            "borderRadius": 3,
            "overflow": "hidden",
          }
        }
      >
        <View
          accessibilityLabel="Log In"
          accessibilityRole="button"
          accessibilityState={
            Object {
              "busy": false,
              "disabled": false,
            }
          }
          accessible={true}
          focusable={true}
          onClick={[Function]}
          onResponderGrant={[Function]}
          onResponderMove={[Function]}
          onResponderRelease={[Function]}
          onResponderTerminate={[Function]}
          onResponderTerminationRequest={[Function]}
          onStartShouldSetResponder={[Function]}
          style={
            Object {
              "opacity": 1,
            }
          }
        >
          <View
            style={
              Object {
                "alignItems": "center",
                "backgroundColor": "rgba(0,0,0,0)",
                "borderColor": "#2089dc",
                "borderRadius": 3,
                "borderWidth": 0,
                "flexDirection": "row",
                "justifyContent": "center",
                "padding": 8,
              }
            }
          >
            <Text
              style={
                Object {
                  "color": "white",
                  "fontSize": 34.285714285714285,
                  "paddingBottom": 1,
                  "paddingTop": 2,
                  "textAlign": "center",
                }
              }
            >
              Log In
            </Text>
          </View>
        </View>
      </View>
    </View>
  </RNCSafeAreaView>
</RNCSafeAreaProvider>
`;
